// Jest Snapshot v1, https://goo.gl/fbAQLP

exports[`When Modal Component Has Rendered Expect render successfully 1`] = `
<div
  class="fixed inset-0 bg-black bg-opacity-50 flex items-center justify-center transition-opacity duration-500 opacity-0"
  role="CModal"
>
  <div
    class="bg-white p-4 rounded shadow-lg transition-transform duration-300 overflow-x-hidden overflow-y-scroll max-h-[80vh] w-[65%]"
  >
    <h1>
      Hello world
    </h1>
  </div>
</div>
`;
