// Jest Snapshot v1, https://goo.gl/fbAQLP

exports[`When text card skelton  has rendered Expect render successfully 1`] = `
<div
  class="grid grid-cols-12 gap-2"
  role="STextCardSkelton"
>
  <div
    class="col-span-12 md:col-span-6 lg:col-span-4  shadow-lg p-3 "
  >
    <div
      class="text-blue-600 font-bold mb-2 bg-gray-200 h-6 rounded w-1/2 "
    />
    <div
      class="text-gray-700 mb-4 bg-gray-200 h-4 rounded w-3/4"
    />
    <div
      class="flex justify-between"
    >
      <button
        class="bg-gray-200 w-8 text-gray-600 py-2 px-4 rounded-md cursor-not-allowed"
      />
      <button
        class="bg-gray-200 w-8  text-gray-600 py-2 px-4 rounded-md cursor-not-allowed"
      />
    </div>
  </div>
  <div
    class="col-span-12 md:col-span-6 lg:col-span-4  shadow-lg p-3 "
  >
    <div
      class="text-blue-600 font-bold mb-2 bg-gray-200 h-6 rounded w-1/2 "
    />
    <div
      class="text-gray-700 mb-4 bg-gray-200 h-4 rounded w-3/4"
    />
    <div
      class="flex justify-between"
    >
      <button
        class="bg-gray-200 w-8 text-gray-600 py-2 px-4 rounded-md cursor-not-allowed"
      />
      <button
        class="bg-gray-200 w-8  text-gray-600 py-2 px-4 rounded-md cursor-not-allowed"
      />
    </div>
  </div>
  <div
    class="col-span-12 md:col-span-6 lg:col-span-4  shadow-lg p-3 "
  >
    <div
      class="text-blue-600 font-bold mb-2 bg-gray-200 h-6 rounded w-1/2 "
    />
    <div
      class="text-gray-700 mb-4 bg-gray-200 h-4 rounded w-3/4"
    />
    <div
      class="flex justify-between"
    >
      <button
        class="bg-gray-200 w-8 text-gray-600 py-2 px-4 rounded-md cursor-not-allowed"
      />
      <button
        class="bg-gray-200 w-8  text-gray-600 py-2 px-4 rounded-md cursor-not-allowed"
      />
    </div>
  </div>
  <div
    class="col-span-12 md:col-span-6 lg:col-span-4  shadow-lg p-3 "
  >
    <div
      class="text-blue-600 font-bold mb-2 bg-gray-200 h-6 rounded w-1/2 "
    />
    <div
      class="text-gray-700 mb-4 bg-gray-200 h-4 rounded w-3/4"
    />
    <div
      class="flex justify-between"
    >
      <button
        class="bg-gray-200 w-8 text-gray-600 py-2 px-4 rounded-md cursor-not-allowed"
      />
      <button
        class="bg-gray-200 w-8  text-gray-600 py-2 px-4 rounded-md cursor-not-allowed"
      />
    </div>
  </div>
  <div
    class="col-span-12 md:col-span-6 lg:col-span-4  shadow-lg p-3 "
  >
    <div
      class="text-blue-600 font-bold mb-2 bg-gray-200 h-6 rounded w-1/2 "
    />
    <div
      class="text-gray-700 mb-4 bg-gray-200 h-4 rounded w-3/4"
    />
    <div
      class="flex justify-between"
    >
      <button
        class="bg-gray-200 w-8 text-gray-600 py-2 px-4 rounded-md cursor-not-allowed"
      />
      <button
        class="bg-gray-200 w-8  text-gray-600 py-2 px-4 rounded-md cursor-not-allowed"
      />
    </div>
  </div>
  <div
    class="col-span-12 md:col-span-6 lg:col-span-4  shadow-lg p-3 "
  >
    <div
      class="text-blue-600 font-bold mb-2 bg-gray-200 h-6 rounded w-1/2 "
    />
    <div
      class="text-gray-700 mb-4 bg-gray-200 h-4 rounded w-3/4"
    />
    <div
      class="flex justify-between"
    >
      <button
        class="bg-gray-200 w-8 text-gray-600 py-2 px-4 rounded-md cursor-not-allowed"
      />
      <button
        class="bg-gray-200 w-8  text-gray-600 py-2 px-4 rounded-md cursor-not-allowed"
      />
    </div>
  </div>
  <div
    class="col-span-12 md:col-span-6 lg:col-span-4  shadow-lg p-3 "
  >
    <div
      class="text-blue-600 font-bold mb-2 bg-gray-200 h-6 rounded w-1/2 "
    />
    <div
      class="text-gray-700 mb-4 bg-gray-200 h-4 rounded w-3/4"
    />
    <div
      class="flex justify-between"
    >
      <button
        class="bg-gray-200 w-8 text-gray-600 py-2 px-4 rounded-md cursor-not-allowed"
      />
      <button
        class="bg-gray-200 w-8  text-gray-600 py-2 px-4 rounded-md cursor-not-allowed"
      />
    </div>
  </div>
  <div
    class="col-span-12 md:col-span-6 lg:col-span-4  shadow-lg p-3 "
  >
    <div
      class="text-blue-600 font-bold mb-2 bg-gray-200 h-6 rounded w-1/2 "
    />
    <div
      class="text-gray-700 mb-4 bg-gray-200 h-4 rounded w-3/4"
    />
    <div
      class="flex justify-between"
    >
      <button
        class="bg-gray-200 w-8 text-gray-600 py-2 px-4 rounded-md cursor-not-allowed"
      />
      <button
        class="bg-gray-200 w-8  text-gray-600 py-2 px-4 rounded-md cursor-not-allowed"
      />
    </div>
  </div>
  <div
    class="col-span-12 md:col-span-6 lg:col-span-4  shadow-lg p-3 "
  >
    <div
      class="text-blue-600 font-bold mb-2 bg-gray-200 h-6 rounded w-1/2 "
    />
    <div
      class="text-gray-700 mb-4 bg-gray-200 h-4 rounded w-3/4"
    />
    <div
      class="flex justify-between"
    >
      <button
        class="bg-gray-200 w-8 text-gray-600 py-2 px-4 rounded-md cursor-not-allowed"
      />
      <button
        class="bg-gray-200 w-8  text-gray-600 py-2 px-4 rounded-md cursor-not-allowed"
      />
    </div>
  </div>
</div>
`;
